7
222
a7
333
a15
333
a23
333
a31
333
a39
333
a47
47 0
47
